node.exe : ▌ Deploying code to deployment:
En línea: 1 Carácter: 1
+ & "C:\Program Files\nodejs/node.exe" "C:\Users\Usuario\AppData\Roamin ...
+ ~~~~~~~~~~~~~~~~~~~~~~~~~~~~~~~~~~~~~~~~~~~~~~~~~~~~~~~~~~~~~~~~~~~~~
    + CategoryInfo          : NotSpecified: (▌ Deploying code to deployment::String) [], RemoteException
    + FullyQualifiedErrorId : NativeCommandError
 
▌ [Preview] manuvera08:mi-dorsal:preview/initial-push-2 (dashboard: 
https://dashboard.convex.dev/t/manuvera08/mi-dorsal/curious-retriever-299)
▌ └─ https://curious-retriever-299.convex.cloud
Warning: Unknown property in `convex.json`: `origin`
  These properties will be preserved but are not recognized by this version of Convex.
- Deploying to https://curious-retriever-299.convex.cloud...

[31m×[39m TypeScript typecheck via `tsc` failed.
To ignore failing typecheck, use `--typecheck=disable`.
- Collecting TypeScript errors

[96mconvex/_helpers.ts[0m:[93m20[0m:[93m29[0m - [91merror[0m[90m TS2339: [0mProperty 'db' does not exist on 
type 'QueryCtx | MutationCtx | ActionCtx'.
  Property 'db' does not exist on type 'ActionCtx'.

[7m20[0m   const profile = await ctx.db
[7m  [0m [91m                            ~~[0m
[96mconvex/_helpers.ts[0m:[93m35[0m:[93m20[0m - [91merror[0m[90m TS2339: [0mProperty 'db' does not exist on 
type 'QueryCtx | MutationCtx | ActionCtx'.
  Property 'db' does not exist on type 'ActionCtx'.

[7m35[0m   return await ctx.db
[7m  [0m [91m                   ~~[0m

Found 2 errors in the same file, starting at: convex/_helpers.ts[90m:20[0m
