node.exe : ▌ Deploying code to deployment:
En línea: 1 Carácter: 1
+ & "C:\Program Files\nodejs/node.exe" "C:\Users\Usuario\AppData\Roamin ...
+ ~~~~~~~~~~~~~~~~~~~~~~~~~~~~~~~~~~~~~~~~~~~~~~~~~~~~~~~~~~~~~~~~~~~~~
    + CategoryInfo          : NotSpecified: (▌ Deploying code to deployment::String) [], RemoteException
    + FullyQualifiedErrorId : NativeCommandError
 
▌ [Preview] manuvera08:mi-dorsal:preview/initial-push (dashboard: 
https://dashboard.convex.dev/t/manuvera08/mi-dorsal/dazzling-camel-991)
▌ └─ https://dazzling-camel-991.convex.cloud
Warning: Unknown property in `convex.json`: `origin`
  These properties will be preserved but are not recognized by this version of Convex.
- Deploying to https://dazzling-camel-991.convex.cloud...

[31m×[39m TypeScript typecheck via `tsc` failed.
To ignore failing typecheck, use `--typecheck=disable`.
- Collecting TypeScript errors

[96mconvex/_helpers.ts[0m:[93m20[0m:[93m29[0m - [91merror[0m[90m TS2339: [0mProperty 'db' does not exist on 
type 'QueryCtx | MutationCtx | ActionCtx'.
  Property 'db' does not exist on type 'ActionCtx'.

[7m20[0m   const profile = await ctx.db
[7m  [0m [91m                            ~~[0m
[96mconvex/_helpers.ts[0m:[93m35[0m:[93m20[0m - [91merror[0m[90m TS2339: [0mProperty 'db' does not exist on 
type 'QueryCtx | MutationCtx | ActionCtx'.
  Property 'db' does not exist on type 'ActionCtx'.

[7m35[0m   return await ctx.db
[7m  [0m [91m                   ~~[0m
[96mconvex/cronJobs.ts[0m:[93m9[0m:[93m3[0m - [91merror[0m[90m TS2345: [0mArgument of type '{ 
getRacesToCheck: FunctionReference<"query", "internal", {}, { myRaceId: string; raceId: string; dorsalNumber: string; 
resultsUrl: string; scraperAdapter: string; userEmail: string; userName: string; userId: string; raceName: string; 
raceDate: string; }[], string>; checkResults: FunctionReference<...>; cacheResult:...' is not assignable to parameter 
of type 'SchedulableFunctionReference'.
  Type '{ getRacesToCheck: FunctionReference<"query", "internal", {}, { myRaceId: string; raceId: string; 
dorsalNumber: string; resultsUrl: string; scraperAdapter: string; userEmail: string; userName: string; userId: string; 
raceName: string; raceDate: string; }[], string>; checkResults: FunctionReference<...>; cacheResult:...' is missing 
the following properties from type 'SchedulableFunctionReference': _type, _visibility, _args, _returnType, 
_componentPath

[7m9[0m   internal.crons.checkResults,
[7m [0m [91m  ~~~~~~~~~~~~~~~~~~~~~~~~~~~[0m
[96mconvex/cronJobs.ts[0m:[93m15[0m:[93m3[0m - [91merror[0m[90m TS2345: [0mArgument of type '{ 
getRacesNeedingReminder: FunctionReference<"query", "internal", {}, { needs7d: any[]; needs1d: any[]; }, string>; 
reminderPreRace: FunctionReference<"action", "internal", {}, null, string>; }' is not assignable to parameter of type 
'SchedulableFunctionReference'.
  Type '{ getRacesNeedingReminder: FunctionReference<"query", "internal", {}, { needs7d: any[]; needs1d: any[]; }, 
string>; reminderPreRace: FunctionReference<"action", "internal", {}, null, string>; }' is missing the following 
properties from type 'SchedulableFunctionReference': _type, _visibility, _args, _returnType, _componentPath

[7m15[0m   internal.crons.reminderPreRace,
[7m  [0m [91m  ~~~~~~~~~~~~~~~~~~~~~~~~~~~~~~[0m
[96mconvex/cronJobs.ts[0m:[93m21[0m:[93m3[0m - [91merror[0m[90m TS2345: [0mArgument of type '{ 
getActiveUsers: FunctionReference<"query", "internal", {}, any[], string>; weeklyDigest: FunctionReference<"action", 
"internal", {}, null, string>; }' is not assignable to parameter of type 'SchedulableFunctionReference'.
  Type '{ getActiveUsers: FunctionReference<"query", "internal", {}, any[], string>; weeklyDigest: 
FunctionReference<"action", "internal", {}, null, string>; }' is missing the following properties from type 
'SchedulableFunctionReference': _type, _visibility, _args, _returnType, _componentPath

[7m21[0m   internal.crons.weeklyDigest,
[7m  [0m [91m  ~~~~~~~~~~~~~~~~~~~~~~~~~~~[0m
[96mconvex/cronJobs.ts[0m:[93m27[0m:[93m3[0m - [91merror[0m[90m TS2345: [0mArgument of type '{ 
getUsersForYearReview: FunctionReference<"query", "internal", {}, any[], string>; yearReview: 
FunctionReference<"action", "internal", {}, null, string>; }' is not assignable to parameter of type 
'SchedulableFunctionReference'.
  Type '{ getUsersForYearReview: FunctionReference<"query", "internal", {}, any[], string>; yearReview: 
FunctionReference<"action", "internal", {}, null, string>; }' is missing the following properties from type 
'SchedulableFunctionReference': _type, _visibility, _args, _returnType, _componentPath

[7m27[0m   internal.crons.yearReview,
[7m  [0m [91m  ~~~~~~~~~~~~~~~~~~~~~~~~~[0m
[96mconvex/crons/checkResults.ts[0m:[93m24[0m:[93m48[0m - [91merror[0m[90m TS2345: [0mArgument of type 
'"status"' is not assignable to parameter of type '"userId"'.

[7m24[0m       .withIndex("by_user_status", (q) => q.eq("status", "planned"))
[7m  [0m [91m                                               ~~~~~~~~[0m
[96mconvex/crons/reminderPreRace.ts[0m:[93m24[0m:[93m48[0m - [91merror[0m[90m TS2345: [0mArgument of type 
'"status"' is not assignable to parameter of type '"userId"'.

[7m24[0m       .withIndex("by_user_status", (q) => q.eq("status", "planned"))
[7m  [0m [91m                                               ~~~~~~~~[0m
[96mconvex/myRaces.ts[0m:[93m73[0m:[93m18[0m - [91merror[0m[90m TS2345: [0mArgument of type '"by_user_race"' 
is not assignable to parameter of type '"by_race" | "by_user" | "by_user_status" | "by_user_dorsal" | "by_race_dorsal" 
| keyof SystemIndexes'.

[7m73[0m       .withIndex("by_user_race", (q) =>
[7m  [0m [91m                 ~~~~~~~~~~~~~~[0m
[96mconvex/myRaces.ts[0m:[93m74[0m:[93m34[0m - [91merror[0m[90m TS2339: [0mProperty 'eq' does not exist on 
type 'IndexRange'.

[7m74[0m         q.eq("userId", user._id).eq("raceId", args.raceId),
[7m  [0m [91m                                 ~~[0m
[96mconvex/myRaces.ts[0m:[93m251[0m:[93m48[0m - [91merror[0m[90m TS2345: [0mArgument of type '"status"' is 
not assignable to parameter of type '"userId"'.

[7m251[0m       .withIndex("by_user_status", (q) => q.eq("status", "planned"))
[7m   [0m [91m                                               ~~~~~~~~[0m
[96mconvex/races.ts[0m:[93m163[0m:[93m22[0m - [91merror[0m[90m TS2345: [0mArgument of type '"by_user_race"' 
is not assignable to parameter of type '"by_race" | "by_user" | "by_user_status" | "by_user_dorsal" | "by_race_dorsal" 
| keyof SystemIndexes'.

[7m163[0m           .withIndex("by_user_race", (q) =>
[7m   [0m [91m                     ~~~~~~~~~~~~~~[0m

[96mconvex/races.ts[0m:[93m164[0m:[93m41[0m - [91merror[0m[90m TS2339: [0mProperty 'eq' does not exist on 
type 'IndexRange'.

[7m164[0m             q.eq("userId", profile._id).eq("raceId", race._id),
[7m   [0m [91m                                        ~~[0m

Found 13 errors in 6 files.

Errors  Files
     2  convex/_helpers.ts[90m:20[0m
     4  convex/cronJobs.ts[90m:9[0m
     1  convex/crons/checkResults.ts[90m:24[0m
     1  convex/crons/reminderPreRace.ts[90m:24[0m
     3  convex/myRaces.ts[90m:73[0m
     2  convex/races.ts[90m:163[0m
