node.exe : Vercel CLI 58.9.3 (Node.js 24.16.0)
En C:\Users\Usuario\AppData\Roaming\npm\vercel.ps1: 24 Carácter: 5
+     & "node$exe"  "$basedir/node_modules/vercel/dist/vc.js" $args
+     ~~~~~~~~~~~~~~~~~~~~~~~~~~~~~~~~~~~~~~~~~~~~~~~~~~~~~~~~~~~~~
    + CategoryInfo          : NotSpecified: (Vercel CLI 58.9.3 (Node.js 24.16.0):String) [], RemoteException
    + FullyQualifiedErrorId : NativeCommandError
 
The "--no-clipboard" option was ignored because it is the default behavior. Please remove it.
Loading teams…

  Directory       C:\desarrollo\mi-dorsal

Searching for existing projects…
  Local settings detected in vercel.json:
  Build Command: next build
  Development Command: next dev
  Framework: nextjs
  Install Command: npm install
  Output Directory: .next
  Merging default Project Settings for Next.js. Previously listed overrides are prioritized.

  Detected Next.js (Build Command: next build, Output Directory: Next.js default)

✓ Created         manuvera99s-projects/mi-dorsal

> Connecting GitHub repository: https://github.com/manuvera99/mi-dorsal
> Connected
Deploying manuvera99s-projects/mi-dorsal
Uploading [--------------------] (0.0B/2.1MB)
Uploading [=====---------------] (555.3KB/2.1MB)
Uploading [==========----------] (1.1MB/2.1MB)
Uploading [===============-----] (1.6MB/2.1MB)
Uploading [====================] (2.1MB/2.1MB)
  Inspect         https://vercel.com/manuvera99s-projects/mi-dorsal/9Miz1bEkABA4YdKBqhymRs5QRZKH
  Production      https://mi-dorsal-6besvjgpy-manuvera99s-projects.vercel.app
Building…
Building…
Running build in Washington, D.C., USA (East) – iad1
Build machine configuration: 2 cores, 8 GB
Retrieving list of deployment files...
Previous build caches not available.
Downloading 109 deployment files...
Running "vercel build"
Vercel CLI 59.3.0
Running "install" command: `npm install`...
npm warn deprecated whatwg-encoding@3.1.1: Use @exodus/bytes instead for a more spec-conformant and faster 
implementation
npm warn deprecated @react-email/section@0.0.16: Package no longer supported. Contact Support at 
https://www.npmjs.com/support for more info.
npm warn deprecated @react-email/text@0.0.11: Package no longer supported. Contact Support at 
https://www.npmjs.com/support for more info.
npm warn deprecated @react-email/markdown@0.0.14: Package no longer supported. Contact Support at 
https://www.npmjs.com/support for more info.
npm warn deprecated @react-email/img@0.0.11: Package no longer supported. Contact Support at 
https://www.npmjs.com/support for more info.
npm warn deprecated @react-email/head@0.0.12: Package no longer supported. Contact Support at 
https://www.npmjs.com/support for more info.
npm warn deprecated @react-email/html@0.0.11: Package no longer supported. Contact Support at 
https://www.npmjs.com/support for more info.
npm warn deprecated @react-email/link@0.0.12: Package no longer supported. Contact Support at 
https://www.npmjs.com/support for more info.
npm warn deprecated @react-email/heading@0.0.15: Package no longer supported. Contact Support at 
https://www.npmjs.com/support for more info.
npm warn deprecated @react-email/hr@0.0.11: Package no longer supported. Contact Support at 
https://www.npmjs.com/support for more info.
npm warn deprecated @react-email/font@0.0.9: Package no longer supported. Contact Support at 
https://www.npmjs.com/support for more info.
npm warn deprecated @react-email/container@0.0.15: Package no longer supported. Contact Support at 
https://www.npmjs.com/support for more info.
npm warn deprecated @react-email/preview@0.0.12: Package no longer supported. Contact Support at 
https://www.npmjs.com/support for more info.
npm warn deprecated @react-email/row@0.0.12: Package no longer supported. Contact Support at 
https://www.npmjs.com/support for more info.
npm warn deprecated @react-email/column@0.0.13: Package no longer supported. Contact Support at 
https://www.npmjs.com/support for more info.
npm warn deprecated @react-email/code-inline@0.0.5: Package no longer supported. Contact Support at 
https://www.npmjs.com/support for more info.
npm warn deprecated @react-email/body@0.0.11: Package no longer supported. Contact Support at 
https://www.npmjs.com/support for more info.
npm warn deprecated @react-email/button@0.0.19: Package no longer supported. Contact Support at 
https://www.npmjs.com/support for more info.
npm warn deprecated @react-email/tailwind@1.0.4: Package no longer supported. Contact Support at 
https://www.npmjs.com/support for more info.
npm warn deprecated @react-email/code-block@0.0.11: Package no longer supported. Contact Support at 
https://www.npmjs.com/support for more info.
npm warn deprecated @react-email/components@0.0.31: Package no longer supported. Contact Support at 
https://www.npmjs.com/support for more info.
npm warn deprecated recharts@2.15.4: 1.x and 2.x branches are no longer active. Bump to Recharts v3 to receive latest 
features and bugfixes. See https://github.com/recharts/recharts/wiki/3.0-migration-guide
npm warn deprecated eslint@9.39.5: This version is no longer supported. Please see https://eslint.org/version-support 
for other options.
added 551 packages, and audited 552 packages in 18s
183 packages are looking for funding
run `npm fund` for details
5 vulnerabilities (4 moderate, 1 high)
To address all issues (including breaking changes), run:
npm audit fix --force
Run `npm audit` for details.
npm warn allow-scripts 4 packages have install scripts not yet covered by allowScripts:
npm warn allow-scripts   @clerk/shared@3.47.8 (postinstall: node ./scripts/postinstall.mjs)
npm warn allow-scripts   esbuild@0.27.0 (postinstall: node install.js)
npm warn allow-scripts   esbuild@0.28.2 (postinstall: node install.js)
npm warn allow-scripts   unrs-resolver@1.12.2 (postinstall: node postinstall.js)
npm warn allow-scripts
npm warn allow-scripts Run `npm approve-scripts --allow-scripts-pending` to review, or `npm approve-scripts <pkg>` to 
allow.
Detected Next.js version: 15.5.25
Running "next build"
Attention: Next.js now collects completely anonymous telemetry regarding usage.
This information is used to shape Next.js' roadmap and prioritize features.
You can learn more, including how to opt-out if you'd not like to participate in this anonymous program, by visiting 
the following URL:
https://nextjs.org/telemetry
▲ Next.js 15.5.25
- Experiments (use with caution):
⨯ reactCompiler
Creating an optimized production build ...
✓ Compiled successfully in 11.4s
Linting and checking validity of types ...
Failed to compile.
./components/thumbs-vote.tsx:169:49
Type error: Type 'string' is not assignable to type 'Id<"races">'.
Type 'string' is not assignable to type '{ __tableName: "races"; }'.
167 | function RealThumbsVote({ raceId, size = "md", layout = "inline", showLoginPrompt = true }: ThumbsVoteProps) {
168 |   const { isSignedIn, isLoaded } = useUser();
> 169 |   const summary = useQuery(api.votes.summary, { raceId });
|                                                 ^
170 |   const myVote = useQuery(api.votes.myVote, { raceId });
171 |   const voteMutation = useMutation(api.votes.vote);
172 |   const unvoteMutation = useMutation(api.votes.unvote);
Next.js build worker exited with code: 1 and signal: null
Error: Command "next build" exited with 1
Error: Command "next build" exited with 1
https://mi-dorsal-6besvjgpy-manuvera99s-projects.vercel.app
